$ python3 community_detection.py

--- stdout ---
Graph: 633 nodes, 4981 edges, 57 connected components
Louvain communities: 58
Flagged clusters (size>=2): 58, covering 633 accounts

============================================================
DAY 2 SUMMARY — raw graph-structure detection (pre-classifier)
============================================================
Ring accounts total:              511
Coincidental accounts total:       147
True positives (ring, flagged):    511
False positives (coincidental):    116
False positives (other/unexpected):6
False negatives (ring, missed):    0
Precision:                         0.807
Recall:                            1.000

Interpretation: this is 'flag everyone in any non-trivial cluster' —
no scoring or ranking yet. Precision is capped by the fact that pure
graph structure can't yet tell a family sharing an address apart from
a ring sharing a device. That's exactly what Day 3's classifier is for.

Rings split across >1 Louvain cluster: 0 of 20

Saved clusters.csv (account_id, cluster_id, cluster_size) for Day 3.


--- stderr ---

