$ python3 classifier.py

--- stdout ---
Clusters: 58  |  positive (ring): 21  |  negative: 37

======================================================================
DAY 3 SUMMARY — out-of-fold metrics (5-fold stratified CV, threshold=0.5)
======================================================================
Day 2 baseline (flag everyone, no scoring): precision=0.738  recall=0.998
Logistic Regression   precision=1.000  recall=0.952  f1=0.976  PR-AUC=0.989
XGBoost (max_depth=3)  precision=1.000  recall=0.952  f1=0.976  PR-AUC=0.981

----------------------------------------------------------------------
ABLATION — structural + temporal features only (no order-amount features)
----------------------------------------------------------------------
LogReg (structural)   precision=1.000  recall=0.952  f1=0.976  PR-AUC=0.970
XGBoost (structural)  precision=1.000  recall=0.952  f1=0.976  PR-AUC=0.984

Pure graph-topology features used: ['cluster_size', 'entity_reuse_ratio', 'internal_density', 'mean_degree_centrality', 'max_degree_centrality', 'mean_pagerank', 'max_pagerank', 'mean_betweenness_centrality', 'max_betweenness_centrality']

----------------------------------------------------------------------
ABLATION 2 — pure graph-topology features only (no timing, no order amount)
----------------------------------------------------------------------
LogReg (pure graph)   precision=1.000  recall=0.952  f1=0.976  PR-AUC=0.971
XGBoost (pure graph)  precision=1.000  recall=0.952  f1=0.976  PR-AUC=0.992

======================================================================
CALIBRATION CHECK — are the risk scores trustworthy as probabilities?
======================================================================

Logistic Regression (full) -- Brier score: 0.0230  (0=perfect, 0.25=uninformative, 1=worst)
  predicted [0.0-0.2): n= 36  avg predicted=0.030  actual positive rate=0.028
  predicted [0.2-0.4): n=  2  avg predicted=0.265  actual positive rate=0.000
  predicted [0.4-0.6): n=  1  avg predicted=0.549  actual positive rate=1.000
  predicted [0.6-0.8): n=  1  avg predicted=0.797  actual positive rate=1.000
  predicted [0.8-1.0): n= 18  avg predicted=0.986  actual positive rate=1.000

XGBoost (full) -- Brier score: 0.0194  (0=perfect, 0.25=uninformative, 1=worst)
  predicted [0.0-0.2): n= 37  avg predicted=0.039  actual positive rate=0.027
  predicted [0.2-0.4): n=  1  avg predicted=0.216  actual positive rate=0.000
  predicted [0.8-1.0): n= 20  avg predicted=0.931  actual positive rate=1.000

Logistic Regression (pure graph) -- Brier score: 0.0218  (0=perfect, 0.25=uninformative, 1=worst)
  predicted [0.0-0.2): n= 38  avg predicted=0.048  actual positive rate=0.026
  predicted [0.6-0.8): n=  2  avg predicted=0.678  actual positive rate=1.000
  predicted [0.8-1.0): n= 18  avg predicted=0.982  actual positive rate=1.000

XGBoost (pure graph) -- Brier score: 0.0191  (0=perfect, 0.25=uninformative, 1=worst)
  predicted [0.0-0.2): n= 38  avg predicted=0.043  actual positive rate=0.026
  predicted [0.8-1.0): n= 20  avg predicted=0.932  actual positive rate=1.000

Feature signal (standardized logistic regression coefficients):
  avg_order_amount           -1.222
  internal_density           -0.998
  entity_reuse_ratio         +0.791
  max_pagerank               +0.748
  order_amount_cv            +0.580
  creation_span_days         -0.249
  cluster_size               +0.236
  max_degree_centrality      +0.213
  mean_degree_centrality     +0.189
  creation_std_days          -0.164
  mean_betweenness_centrality +0.104
  max_betweenness_centrality +0.031
  mean_pagerank              +0.007

Feature signal (XGBoost importances):
  internal_density           0.411
  entity_reuse_ratio         0.357
  max_pagerank               0.166
  cluster_size               0.042
  avg_order_amount           0.014
  order_amount_cv            0.010
  mean_degree_centrality     0.000
  max_degree_centrality      0.000
  mean_pagerank              0.000
  mean_betweenness_centrality 0.000
  max_betweenness_centrality 0.000
  creation_span_days         0.000
  creation_std_days          0.000

Saved cluster_predictions.csv for Day 4 threshold/cost analysis.


--- stderr ---

