$ python3 classifier.py

--- stdout ---
Clusters: 67  |  positive (ring): 19  |  negative: 48

======================================================================
DAY 3 SUMMARY — out-of-fold metrics (5-fold stratified CV, threshold=0.5)
======================================================================
Day 2 baseline (flag everyone, no scoring): precision=0.738  recall=0.998
Logistic Regression   precision=1.000  recall=1.000  f1=1.000  PR-AUC=1.000
XGBoost (max_depth=3)  precision=1.000  recall=0.947  f1=0.973  PR-AUC=1.000

----------------------------------------------------------------------
ABLATION — structural + temporal features only (no order-amount features)
----------------------------------------------------------------------
LogReg (structural)   precision=1.000  recall=1.000  f1=1.000  PR-AUC=1.000
XGBoost (structural)  precision=1.000  recall=0.947  f1=0.973  PR-AUC=1.000

Pure graph-topology features used: ['cluster_size', 'entity_reuse_ratio', 'internal_density', 'mean_degree_centrality', 'max_degree_centrality', 'mean_pagerank', 'max_pagerank', 'mean_betweenness_centrality', 'max_betweenness_centrality']

----------------------------------------------------------------------
ABLATION 2 — pure graph-topology features only (no timing, no order amount)
----------------------------------------------------------------------
LogReg (pure graph)   precision=1.000  recall=1.000  f1=1.000  PR-AUC=1.000
XGBoost (pure graph)  precision=1.000  recall=0.947  f1=0.973  PR-AUC=1.000

======================================================================
CALIBRATION CHECK — are the risk scores trustworthy as probabilities?
======================================================================

Logistic Regression (full) -- Brier score: 0.0019  (0=perfect, 0.25=uninformative, 1=worst)
  predicted [0.0-0.2): n= 48  avg predicted=0.012  actual positive rate=0.000
  predicted [0.6-0.8): n=  1  avg predicted=0.694  actual positive rate=1.000
  predicted [0.8-1.0): n= 18  avg predicted=0.978  actual positive rate=1.000

XGBoost (full) -- Brier score: 0.0150  (0=perfect, 0.25=uninformative, 1=worst)
  predicted [0.0-0.2): n= 49  avg predicted=0.031  actual positive rate=0.020
  predicted [0.8-1.0): n= 18  avg predicted=0.916  actual positive rate=1.000

Logistic Regression (pure graph) -- Brier score: 0.0032  (0=perfect, 0.25=uninformative, 1=worst)
  predicted [0.0-0.2): n= 48  avg predicted=0.014  actual positive rate=0.000
  predicted [0.4-0.6): n=  1  avg predicted=0.578  actual positive rate=1.000
  predicted [0.8-1.0): n= 18  avg predicted=0.980  actual positive rate=1.000

XGBoost (pure graph) -- Brier score: 0.0142  (0=perfect, 0.25=uninformative, 1=worst)
  predicted [0.0-0.2): n= 49  avg predicted=0.031  actual positive rate=0.020
  predicted [0.8-1.0): n= 18  avg predicted=0.918  actual positive rate=1.000

Feature signal (standardized logistic regression coefficients):
  entity_reuse_ratio         +0.899
  max_pagerank               +0.831
  internal_density           -0.734
  avg_order_amount           -0.658
  max_degree_centrality      +0.471
  mean_degree_centrality     +0.453
  cluster_size               +0.438
  creation_std_days          -0.337
  creation_span_days         -0.156
  mean_pagerank              -0.134
  mean_betweenness_centrality +0.100
  order_amount_cv            +0.086
  max_betweenness_centrality +0.062

Feature signal (XGBoost importances):
  cluster_size               0.588
  entity_reuse_ratio         0.284
  avg_order_amount           0.069
  internal_density           0.056
  creation_span_days         0.002
  mean_degree_centrality     0.000
  max_degree_centrality      0.000
  mean_pagerank              0.000
  max_pagerank               0.000
  mean_betweenness_centrality 0.000
  max_betweenness_centrality 0.000
  creation_std_days          0.000
  order_amount_cv            0.000

Saved cluster_predictions.csv for Day 4 threshold/cost analysis.


--- stderr ---

