$ python3 classifier.py

--- stdout ---
Clusters: 56  |  positive (ring): 20  |  negative: 36

======================================================================
DAY 3 SUMMARY — out-of-fold metrics (5-fold stratified CV, threshold=0.5)
======================================================================
Day 2 baseline (flag everyone, no scoring): precision=0.738  recall=0.998
Logistic Regression   precision=1.000  recall=0.950  f1=0.974  PR-AUC=0.998
XGBoost (max_depth=3)  precision=0.950  recall=0.950  f1=0.950  PR-AUC=0.990

----------------------------------------------------------------------
ABLATION — structural + temporal features only (no order-amount features)
----------------------------------------------------------------------
LogReg (structural)   precision=0.950  recall=0.950  f1=0.950  PR-AUC=0.983
XGBoost (structural)  precision=0.947  recall=0.900  f1=0.923  PR-AUC=0.974

Pure graph-topology features used: ['cluster_size', 'entity_reuse_ratio', 'internal_density', 'mean_degree_centrality', 'max_degree_centrality', 'mean_pagerank', 'max_pagerank', 'mean_betweenness_centrality', 'max_betweenness_centrality']

----------------------------------------------------------------------
ABLATION 2 — pure graph-topology features only (no timing, no order amount)
----------------------------------------------------------------------
LogReg (pure graph)   precision=0.950  recall=0.950  f1=0.950  PR-AUC=0.970
XGBoost (pure graph)  precision=1.000  recall=0.900  f1=0.947  PR-AUC=0.971

======================================================================
CALIBRATION CHECK — are the risk scores trustworthy as probabilities?
======================================================================

Logistic Regression (full) -- Brier score: 0.0146  (0=perfect, 0.25=uninformative, 1=worst)
  predicted [0.0-0.2): n= 35  avg predicted=0.019  actual positive rate=0.000
  predicted [0.2-0.4): n=  2  avg predicted=0.277  actual positive rate=0.500
  predicted [0.6-0.8): n=  1  avg predicted=0.746  actual positive rate=1.000
  predicted [0.8-1.0): n= 18  avg predicted=0.970  actual positive rate=1.000

XGBoost (full) -- Brier score: 0.0304  (0=perfect, 0.25=uninformative, 1=worst)
  predicted [0.0-0.2): n= 35  avg predicted=0.038  actual positive rate=0.029
  predicted [0.2-0.4): n=  1  avg predicted=0.308  actual positive rate=0.000
  predicted [0.6-0.8): n=  4  avg predicted=0.684  actual positive rate=0.750
  predicted [0.8-1.0): n= 16  avg predicted=0.941  actual positive rate=1.000

Logistic Regression (pure graph) -- Brier score: 0.0286  (0=perfect, 0.25=uninformative, 1=worst)
  predicted [0.0-0.2): n= 36  avg predicted=0.040  actual positive rate=0.028
  predicted [0.6-0.8): n=  2  avg predicted=0.705  actual positive rate=0.500
  predicted [0.8-1.0): n= 18  avg predicted=0.958  actual positive rate=1.000

XGBoost (pure graph) -- Brier score: 0.0367  (0=perfect, 0.25=uninformative, 1=worst)
  predicted [0.0-0.2): n= 34  avg predicted=0.037  actual positive rate=0.029
  predicted [0.2-0.4): n=  1  avg predicted=0.274  actual positive rate=0.000
  predicted [0.4-0.6): n=  4  avg predicted=0.490  actual positive rate=0.500
  predicted [0.8-1.0): n= 17  avg predicted=0.934  actual positive rate=1.000

Feature signal (standardized logistic regression coefficients):
  avg_order_amount           -1.358
  entity_reuse_ratio         +0.806
  internal_density           -0.639
  max_pagerank               +0.593
  creation_std_days          -0.480
  creation_span_days         -0.447
  cluster_size               +0.413
  mean_degree_centrality     +0.375
  max_degree_centrality      +0.363
  order_amount_cv            +0.261
  mean_betweenness_centrality +0.043
  max_betweenness_centrality +0.029
  mean_pagerank              +0.008

Feature signal (XGBoost importances):
  cluster_size               0.555
  entity_reuse_ratio         0.287
  avg_order_amount           0.066
  mean_degree_centrality     0.033
  creation_std_days          0.029
  order_amount_cv            0.020
  creation_span_days         0.010
  internal_density           0.000
  max_degree_centrality      0.000
  mean_pagerank              0.000
  max_pagerank               0.000
  mean_betweenness_centrality 0.000
  max_betweenness_centrality 0.000

Saved cluster_predictions.csv for Day 4 threshold/cost analysis.


--- stderr ---

