$ python3 community_detection.py

--- stdout ---
Graph: 537 nodes, 2887 edges, 55 connected components
Louvain communities: 56
Flagged clusters (size>=2): 56, covering 537 accounts

============================================================
DAY 2 SUMMARY — raw graph-structure detection (pre-classifier)
============================================================
Ring accounts total:              444
Coincidental accounts total:       155
True positives (ring, flagged):    436
False positives (coincidental):    101
False positives (other/unexpected):0
False negatives (ring, missed):    8
Precision:                         0.812
Recall:                            0.982

Interpretation: this is 'flag everyone in any non-trivial cluster' —
no scoring or ranking yet. Precision is capped by the fact that pure
graph structure can't yet tell a family sharing an address apart from
a ring sharing a device. That's exactly what Day 3's classifier is for.

Rings split across >1 Louvain cluster: 1 of 20

Saved clusters.csv (account_id, cluster_id, cluster_size) for Day 3.


--- stderr ---

