$ python3 community_detection.py

--- stdout ---
Graph: 602 nodes, 4401 edges, 59 connected components
Louvain communities: 63
Flagged clusters (size>=2): 63, covering 602 accounts

============================================================
DAY 2 SUMMARY — raw graph-structure detection (pre-classifier)
============================================================
Ring accounts total:              478
Coincidental accounts total:       153
True positives (ring, flagged):    476
False positives (coincidental):    122
False positives (other/unexpected):4
False negatives (ring, missed):    2
Precision:                         0.791
Recall:                            0.996

Interpretation: this is 'flag everyone in any non-trivial cluster' —
no scoring or ranking yet. Precision is capped by the fact that pure
graph structure can't yet tell a family sharing an address apart from
a ring sharing a device. That's exactly what Day 3's classifier is for.

Rings split across >1 Louvain cluster: 0 of 20

Saved clusters.csv (account_id, cluster_id, cluster_size) for Day 3.


--- stderr ---

