$ python3 classifier.py

--- stdout ---
Clusters: 54  |  positive (ring): 19  |  negative: 35

======================================================================
DAY 3 SUMMARY — out-of-fold metrics (5-fold stratified CV, threshold=0.5)
======================================================================
Day 2 baseline (flag everyone, no scoring): precision=0.738  recall=0.998
Logistic Regression   precision=1.000  recall=0.947  f1=0.973  PR-AUC=1.000
XGBoost (max_depth=3)  precision=1.000  recall=0.842  f1=0.914  PR-AUC=0.966

----------------------------------------------------------------------
ABLATION — structural + temporal features only (no order-amount features)
----------------------------------------------------------------------
LogReg (structural)   precision=1.000  recall=0.895  f1=0.944  PR-AUC=1.000
XGBoost (structural)  precision=1.000  recall=0.842  f1=0.914  PR-AUC=1.000

Pure graph-topology features used: ['cluster_size', 'entity_reuse_ratio', 'internal_density', 'mean_degree_centrality', 'max_degree_centrality', 'mean_pagerank', 'max_pagerank', 'mean_betweenness_centrality', 'max_betweenness_centrality']

----------------------------------------------------------------------
ABLATION 2 — pure graph-topology features only (no timing, no order amount)
----------------------------------------------------------------------
LogReg (pure graph)   precision=1.000  recall=0.895  f1=0.944  PR-AUC=1.000
XGBoost (pure graph)  precision=1.000  recall=0.842  f1=0.914  PR-AUC=1.000

======================================================================
CALIBRATION CHECK — are the risk scores trustworthy as probabilities?
======================================================================

Logistic Regression (full) -- Brier score: 0.0110  (0=perfect, 0.25=uninformative, 1=worst)
  predicted [0.0-0.2): n= 35  avg predicted=0.022  actual positive rate=0.000
  predicted [0.4-0.6): n=  2  avg predicted=0.528  actual positive rate=1.000
  predicted [0.6-0.8): n=  1  avg predicted=0.656  actual positive rate=1.000
  predicted [0.8-1.0): n= 16  avg predicted=0.991  actual positive rate=1.000

XGBoost (full) -- Brier score: 0.0518  (0=perfect, 0.25=uninformative, 1=worst)
  predicted [0.0-0.2): n= 38  avg predicted=0.041  actual positive rate=0.079
  predicted [0.8-1.0): n= 16  avg predicted=0.926  actual positive rate=1.000

Logistic Regression (pure graph) -- Brier score: 0.0169  (0=perfect, 0.25=uninformative, 1=worst)
  predicted [0.0-0.2): n= 35  avg predicted=0.027  actual positive rate=0.000
  predicted [0.2-0.4): n=  1  avg predicted=0.335  actual positive rate=1.000
  predicted [0.4-0.6): n=  1  avg predicted=0.460  actual positive rate=1.000
  predicted [0.6-0.8): n=  1  avg predicted=0.611  actual positive rate=1.000
  predicted [0.8-1.0): n= 16  avg predicted=0.991  actual positive rate=1.000

XGBoost (pure graph) -- Brier score: 0.0508  (0=perfect, 0.25=uninformative, 1=worst)
  predicted [0.0-0.2): n= 38  avg predicted=0.042  actual positive rate=0.079
  predicted [0.8-1.0): n= 16  avg predicted=0.926  actual positive rate=1.000

Feature signal (standardized logistic regression coefficients):
  internal_density           -1.033
  max_pagerank               +0.881
  avg_order_amount           -0.872
  entity_reuse_ratio         +0.846
  mean_degree_centrality     +0.337
  max_degree_centrality      +0.330
  cluster_size               +0.317
  creation_std_days          -0.297
  order_amount_cv            +0.254
  mean_betweenness_centrality +0.067
  max_betweenness_centrality +0.031
  mean_pagerank              -0.010
  creation_span_days         +0.006

Feature signal (XGBoost importances):
  internal_density           0.335
  entity_reuse_ratio         0.255
  cluster_size               0.237
  max_pagerank               0.140
  avg_order_amount           0.032
  mean_degree_centrality     0.000
  max_degree_centrality      0.000
  mean_pagerank              0.000
  mean_betweenness_centrality 0.000
  max_betweenness_centrality 0.000
  creation_span_days         0.000
  creation_std_days          0.000
  order_amount_cv            0.000

Saved cluster_predictions.csv for Day 4 threshold/cost analysis.


--- stderr ---

