$ python3 final_threshold_report.py

--- stdout ---
# Day 4 Final Report — Abuse-Ring Sentinel Operating Point

## Chosen model and threshold
- **Model:** Logistic Regression (pure graph)
- **Threshold:** 0.7732484382694863
- **Why:** cost-optimal threshold was stable across the full 0.1x-100x
  false-positive-cost sweep (Day 4 Phase 2). The model is also
  interpretable, and uses the same pure graph-topology feature set already
  recommended in Day 3 as the more generalizable result.

## Cluster-level confusion matrix (out-of-fold, 54 clusters)
| | Predicted: ring | Predicted: not ring |
|---|---|---|
| **Actual: ring** | TP = 16 | FN = 3 |
| **Actual: not ring** | FP = 0 | TN = 35 |

- Precision: 1.000
- Recall: 0.842

## Account-level cost/benefit at this threshold
- Ring fraud value protected (caught): Rs.447,194.26
- Ring fraud value still missed: Rs.23,666.96
- Legitimate accounts wrongly caught in a flagged cluster: 4 total -- 4 coincidental/benign-lookalike (100%), 0 other (0%)
- Cost of those false positives, at 1x avg order value per account: Rs.3,541.72
- **Net: protects Rs.447,194 of fraud at a cost of roughly
  Rs.3,542 in false-positive review/friction (at a conservative
  1x-avg-order-value cost assumption) -- a ~126x return.**

## Honest limitations of this number
- N=54 clusters (16 flagged at this threshold) -- treat
  precision/recall as directionally reliable, not statistically tight.
- The false-positive cost assumption (1x avg order value per wrongly-
  flagged account) is a modeling choice, not a measured business figure --
  see Day 4 Phase 1 for why it's swept rather than asserted as fact.
- This threshold was tuned on the SAME synthetic dataset it's evaluated on
  (out-of-fold within that one dataset, not a separate holdout population).
  A genuinely held-out second synthetic population, or real data, would be
  needed before trusting this threshold in production.

Saved final_report.md
Saved metrics_summary.json


--- stderr ---

