$ python3 classifier.py

--- stdout ---
Clusters: 55  |  positive (ring): 20  |  negative: 35

======================================================================
DAY 3 SUMMARY — out-of-fold metrics (5-fold stratified CV, threshold=0.5)
======================================================================
Day 2 baseline (flag everyone, no scoring): precision=0.738  recall=0.998
Logistic Regression   precision=1.000  recall=1.000  f1=1.000  PR-AUC=1.000
XGBoost (max_depth=3)  precision=1.000  recall=0.900  f1=0.947  PR-AUC=0.980

----------------------------------------------------------------------
ABLATION — structural + temporal features only (no order-amount features)
----------------------------------------------------------------------
LogReg (structural)   precision=1.000  recall=1.000  f1=1.000  PR-AUC=1.000
XGBoost (structural)  precision=1.000  recall=0.900  f1=0.947  PR-AUC=1.000

Pure graph-topology features used: ['cluster_size', 'entity_reuse_ratio', 'internal_density', 'mean_degree_centrality', 'max_degree_centrality', 'mean_pagerank', 'max_pagerank', 'mean_betweenness_centrality', 'max_betweenness_centrality']

----------------------------------------------------------------------
ABLATION 2 — pure graph-topology features only (no timing, no order amount)
----------------------------------------------------------------------
LogReg (pure graph)   precision=1.000  recall=1.000  f1=1.000  PR-AUC=1.000
XGBoost (pure graph)  precision=1.000  recall=0.900  f1=0.947  PR-AUC=1.000

======================================================================
CALIBRATION CHECK — are the risk scores trustworthy as probabilities?
======================================================================

Logistic Regression (full) -- Brier score: 0.0013  (0=perfect, 0.25=uninformative, 1=worst)
  predicted [0.0-0.2): n= 35  avg predicted=0.017  actual positive rate=0.000
  predicted [0.8-1.0): n= 20  avg predicted=0.967  actual positive rate=1.000

XGBoost (full) -- Brier score: 0.0363  (0=perfect, 0.25=uninformative, 1=worst)
  predicted [0.0-0.2): n= 37  avg predicted=0.041  actual positive rate=0.054
  predicted [0.8-1.0): n= 18  avg predicted=0.925  actual positive rate=1.000

Logistic Regression (pure graph) -- Brier score: 0.0019  (0=perfect, 0.25=uninformative, 1=worst)
  predicted [0.0-0.2): n= 35  avg predicted=0.020  actual positive rate=0.000
  predicted [0.6-0.8): n=  1  avg predicted=0.772  actual positive rate=1.000
  predicted [0.8-1.0): n= 19  avg predicted=0.973  actual positive rate=1.000

XGBoost (pure graph) -- Brier score: 0.0359  (0=perfect, 0.25=uninformative, 1=worst)
  predicted [0.0-0.2): n= 37  avg predicted=0.041  actual positive rate=0.054
  predicted [0.8-1.0): n= 18  avg predicted=0.926  actual positive rate=1.000

Feature signal (standardized logistic regression coefficients):
  internal_density           -0.977
  max_pagerank               +0.956
  entity_reuse_ratio         +0.739
  avg_order_amount           -0.590
  max_degree_centrality      +0.429
  cluster_size               +0.422
  mean_degree_centrality     +0.397
  order_amount_cv            +0.324
  creation_std_days          -0.213
  mean_betweenness_centrality +0.199
  creation_span_days         +0.163
  max_betweenness_centrality +0.082
  mean_pagerank              -0.031

Feature signal (XGBoost importances):
  cluster_size               0.646
  entity_reuse_ratio         0.334
  order_amount_cv            0.020
  internal_density           0.000
  mean_degree_centrality     0.000
  max_degree_centrality      0.000
  mean_pagerank              0.000
  max_pagerank               0.000
  mean_betweenness_centrality 0.000
  max_betweenness_centrality 0.000
  creation_span_days         0.000
  creation_std_days          0.000
  avg_order_amount           0.000

Saved cluster_predictions.csv for Day 4 threshold/cost analysis.


--- stderr ---

