$ python3 community_detection.py

--- stdout ---
Graph: 578 nodes, 4121 edges, 60 connected components
Louvain communities: 62
Flagged clusters (size>=2): 62, covering 578 accounts

============================================================
DAY 2 SUMMARY — raw graph-structure detection (pre-classifier)
============================================================
Ring accounts total:              459
Coincidental accounts total:       149
True positives (ring, flagged):    459
False positives (coincidental):    117
False positives (other/unexpected):2
False negatives (ring, missed):    0
Precision:                         0.794
Recall:                            1.000

Interpretation: this is 'flag everyone in any non-trivial cluster' —
no scoring or ranking yet. Precision is capped by the fact that pure
graph structure can't yet tell a family sharing an address apart from
a ring sharing a device. That's exactly what Day 3's classifier is for.

Rings split across >1 Louvain cluster: 0 of 20

Saved clusters.csv (account_id, cluster_id, cluster_size) for Day 3.


--- stderr ---

