$ python3 classifier.py

--- stdout ---
Clusters: 53  |  positive (ring): 18  |  negative: 35

======================================================================
DAY 3 SUMMARY — out-of-fold metrics (5-fold stratified CV, threshold=0.5)
======================================================================
Day 2 baseline (flag everyone, no scoring): precision=0.738  recall=0.998
Logistic Regression   precision=1.000  recall=1.000  f1=1.000  PR-AUC=1.000
XGBoost (max_depth=3)  precision=1.000  recall=0.944  f1=0.971  PR-AUC=1.000

----------------------------------------------------------------------
ABLATION — structural + temporal features only (no order-amount features)
----------------------------------------------------------------------
LogReg (structural)   precision=1.000  recall=1.000  f1=1.000  PR-AUC=1.000
XGBoost (structural)  precision=1.000  recall=0.944  f1=0.971  PR-AUC=1.000

Pure graph-topology features used: ['cluster_size', 'entity_reuse_ratio', 'internal_density', 'mean_degree_centrality', 'max_degree_centrality', 'mean_pagerank', 'max_pagerank', 'mean_betweenness_centrality', 'max_betweenness_centrality']

----------------------------------------------------------------------
ABLATION 2 — pure graph-topology features only (no timing, no order amount)
----------------------------------------------------------------------
LogReg (pure graph)   precision=1.000  recall=1.000  f1=1.000  PR-AUC=1.000
XGBoost (pure graph)  precision=1.000  recall=0.944  f1=0.971  PR-AUC=1.000

======================================================================
CALIBRATION CHECK — are the risk scores trustworthy as probabilities?
======================================================================

Logistic Regression (full) -- Brier score: 0.0015  (0=perfect, 0.25=uninformative, 1=worst)
  predicted [0.0-0.2): n= 35  avg predicted=0.017  actual positive rate=0.000
  predicted [0.8-1.0): n= 18  avg predicted=0.966  actual positive rate=1.000

XGBoost (full) -- Brier score: 0.0183  (0=perfect, 0.25=uninformative, 1=worst)
  predicted [0.0-0.2): n= 36  avg predicted=0.043  actual positive rate=0.028
  predicted [0.8-1.0): n= 17  avg predicted=0.915  actual positive rate=1.000

Logistic Regression (pure graph) -- Brier score: 0.0022  (0=perfect, 0.25=uninformative, 1=worst)
  predicted [0.0-0.2): n= 35  avg predicted=0.019  actual positive rate=0.000
  predicted [0.6-0.8): n=  1  avg predicted=0.782  actual positive rate=1.000
  predicted [0.8-1.0): n= 17  avg predicted=0.970  actual positive rate=1.000

XGBoost (pure graph) -- Brier score: 0.0184  (0=perfect, 0.25=uninformative, 1=worst)
  predicted [0.0-0.2): n= 36  avg predicted=0.044  actual positive rate=0.028
  predicted [0.8-1.0): n= 17  avg predicted=0.912  actual positive rate=1.000

Feature signal (standardized logistic regression coefficients):
  internal_density           -0.938
  max_pagerank               +0.881
  entity_reuse_ratio         +0.832
  avg_order_amount           -0.525
  cluster_size               +0.392
  max_degree_centrality      +0.380
  mean_degree_centrality     +0.347
  order_amount_cv            +0.333
  creation_std_days          -0.319
  mean_betweenness_centrality +0.246
  max_betweenness_centrality +0.220
  creation_span_days         +0.012
  mean_pagerank              -0.000

Feature signal (XGBoost importances):
  cluster_size               0.657
  entity_reuse_ratio         0.343
  internal_density           0.000
  mean_degree_centrality     0.000
  max_degree_centrality      0.000
  mean_pagerank              0.000
  max_pagerank               0.000
  mean_betweenness_centrality 0.000
  max_betweenness_centrality 0.000
  creation_span_days         0.000
  creation_std_days          0.000
  avg_order_amount           0.000
  order_amount_cv            0.000

Saved cluster_predictions.csv for Day 4 threshold/cost analysis.


--- stderr ---

