$ python3 classifier.py

--- stdout ---
Clusters: 51  |  positive (ring): 19  |  negative: 32

======================================================================
DAY 3 SUMMARY — out-of-fold metrics (5-fold stratified CV, threshold=0.5)
======================================================================
Day 2 baseline (flag everyone, no scoring): precision=0.738  recall=0.998
Logistic Regression   precision=1.000  recall=1.000  f1=1.000  PR-AUC=1.000
XGBoost (max_depth=3)  precision=1.000  recall=0.947  f1=0.973  PR-AUC=1.000

----------------------------------------------------------------------
ABLATION — structural + temporal features only (no order-amount features)
----------------------------------------------------------------------
LogReg (structural)   precision=1.000  recall=1.000  f1=1.000  PR-AUC=1.000
XGBoost (structural)  precision=1.000  recall=0.947  f1=0.973  PR-AUC=1.000

Pure graph-topology features used: ['cluster_size', 'entity_reuse_ratio', 'internal_density', 'mean_degree_centrality', 'max_degree_centrality', 'mean_pagerank', 'max_pagerank', 'mean_betweenness_centrality', 'max_betweenness_centrality']

----------------------------------------------------------------------
ABLATION 2 — pure graph-topology features only (no timing, no order amount)
----------------------------------------------------------------------
LogReg (pure graph)   precision=1.000  recall=1.000  f1=1.000  PR-AUC=1.000
XGBoost (pure graph)  precision=1.000  recall=0.947  f1=0.973  PR-AUC=1.000

======================================================================
CALIBRATION CHECK — are the risk scores trustworthy as probabilities?
======================================================================

Logistic Regression (full) -- Brier score: 0.0012  (0=perfect, 0.25=uninformative, 1=worst)
  predicted [0.0-0.2): n= 32  avg predicted=0.018  actual positive rate=0.000
  predicted [0.8-1.0): n= 19  avg predicted=0.970  actual positive rate=1.000

XGBoost (full) -- Brier score: 0.0210  (0=perfect, 0.25=uninformative, 1=worst)
  predicted [0.0-0.2): n= 33  avg predicted=0.046  actual positive rate=0.030
  predicted [0.8-1.0): n= 18  avg predicted=0.923  actual positive rate=1.000

Logistic Regression (pure graph) -- Brier score: 0.0022  (0=perfect, 0.25=uninformative, 1=worst)
  predicted [0.0-0.2): n= 32  avg predicted=0.020  actual positive rate=0.000
  predicted [0.6-0.8): n=  1  avg predicted=0.745  actual positive rate=1.000
  predicted [0.8-1.0): n= 18  avg predicted=0.973  actual positive rate=1.000

XGBoost (pure graph) -- Brier score: 0.0207  (0=perfect, 0.25=uninformative, 1=worst)
  predicted [0.0-0.2): n= 33  avg predicted=0.046  actual positive rate=0.030
  predicted [0.8-1.0): n= 18  avg predicted=0.924  actual positive rate=1.000

Feature signal (standardized logistic regression coefficients):
  internal_density           -0.867
  max_pagerank               +0.796
  entity_reuse_ratio         +0.793
  avg_order_amount           -0.632
  cluster_size               +0.486
  max_degree_centrality      +0.438
  mean_degree_centrality     +0.418
  creation_std_days          -0.291
  order_amount_cv            +0.244
  mean_betweenness_centrality +0.168
  creation_span_days         -0.102
  max_betweenness_centrality +0.045
  mean_pagerank              -0.016

Feature signal (XGBoost importances):
  cluster_size               0.622
  entity_reuse_ratio         0.318
  avg_order_amount           0.060
  internal_density           0.000
  mean_degree_centrality     0.000
  max_degree_centrality      0.000
  mean_pagerank              0.000
  max_pagerank               0.000
  mean_betweenness_centrality 0.000
  max_betweenness_centrality 0.000
  creation_span_days         0.000
  creation_std_days          0.000
  order_amount_cv            0.000

Saved cluster_predictions.csv for Day 4 threshold/cost analysis.


--- stderr ---

