$ python3 community_detection.py

--- stdout ---
Graph: 529 nodes, 2617 edges, 50 connected components
Louvain communities: 51
Flagged clusters (size>=2): 51, covering 529 accounts

============================================================
DAY 2 SUMMARY — raw graph-structure detection (pre-classifier)
============================================================
Ring accounts total:              443
Coincidental accounts total:       159
True positives (ring, flagged):    437
False positives (coincidental):    92
False positives (other/unexpected):0
False negatives (ring, missed):    6
Precision:                         0.826
Recall:                            0.986

Interpretation: this is 'flag everyone in any non-trivial cluster' —
no scoring or ranking yet. Precision is capped by the fact that pure
graph structure can't yet tell a family sharing an address apart from
a ring sharing a device. That's exactly what Day 3's classifier is for.

Rings split across >1 Louvain cluster: 1 of 20

Saved clusters.csv (account_id, cluster_id, cluster_size) for Day 3.


--- stderr ---

