$ python3 classifier.py

--- stdout ---
Clusters: 50  |  positive (ring): 19  |  negative: 31

======================================================================
DAY 3 SUMMARY — out-of-fold metrics (5-fold stratified CV, threshold=0.5)
======================================================================
Day 2 baseline (flag everyone, no scoring): precision=0.738  recall=0.998
Logistic Regression   precision=1.000  recall=1.000  f1=1.000  PR-AUC=1.000
XGBoost (max_depth=3)  precision=1.000  recall=0.947  f1=0.973  PR-AUC=1.000

----------------------------------------------------------------------
ABLATION — structural + temporal features only (no order-amount features)
----------------------------------------------------------------------
LogReg (structural)   precision=1.000  recall=0.947  f1=0.973  PR-AUC=1.000
XGBoost (structural)  precision=1.000  recall=0.947  f1=0.973  PR-AUC=1.000

Pure graph-topology features used: ['cluster_size', 'entity_reuse_ratio', 'internal_density', 'mean_degree_centrality', 'max_degree_centrality', 'mean_pagerank', 'max_pagerank', 'mean_betweenness_centrality', 'max_betweenness_centrality']

----------------------------------------------------------------------
ABLATION 2 — pure graph-topology features only (no timing, no order amount)
----------------------------------------------------------------------
LogReg (pure graph)   precision=1.000  recall=0.947  f1=0.973  PR-AUC=1.000
XGBoost (pure graph)  precision=1.000  recall=0.947  f1=0.973  PR-AUC=1.000

======================================================================
CALIBRATION CHECK — are the risk scores trustworthy as probabilities?
======================================================================

Logistic Regression (full) -- Brier score: 0.0056  (0=perfect, 0.25=uninformative, 1=worst)
  predicted [0.0-0.2): n= 31  avg predicted=0.020  actual positive rate=0.000
  predicted [0.4-0.6): n=  1  avg predicted=0.539  actual positive rate=1.000
  predicted [0.8-1.0): n= 18  avg predicted=0.973  actual positive rate=1.000

XGBoost (full) -- Brier score: 0.0193  (0=perfect, 0.25=uninformative, 1=worst)
  predicted [0.0-0.2): n= 32  avg predicted=0.049  actual positive rate=0.031
  predicted [0.8-1.0): n= 18  avg predicted=0.919  actual positive rate=1.000

Logistic Regression (pure graph) -- Brier score: 0.0147  (0=perfect, 0.25=uninformative, 1=worst)
  predicted [0.0-0.2): n= 32  avg predicted=0.035  actual positive rate=0.031
  predicted [0.8-1.0): n= 18  avg predicted=0.980  actual positive rate=1.000

XGBoost (pure graph) -- Brier score: 0.0192  (0=perfect, 0.25=uninformative, 1=worst)
  predicted [0.0-0.2): n= 32  avg predicted=0.050  actual positive rate=0.031
  predicted [0.6-0.8): n=  1  avg predicted=0.798  actual positive rate=1.000
  predicted [0.8-1.0): n= 17  avg predicted=0.924  actual positive rate=1.000

Feature signal (standardized logistic regression coefficients):
  max_pagerank               +0.880
  entity_reuse_ratio         +0.773
  order_amount_cv            +0.762
  internal_density           -0.622
  avg_order_amount           -0.529
  mean_degree_centrality     +0.385
  max_degree_centrality      +0.362
  cluster_size               +0.349
  creation_std_days          -0.307
  mean_betweenness_centrality +0.250
  max_betweenness_centrality +0.191
  creation_span_days         -0.097
  mean_pagerank              -0.083

Feature signal (XGBoost importances):
  cluster_size               0.648
  entity_reuse_ratio         0.285
  avg_order_amount           0.067
  internal_density           0.000
  mean_degree_centrality     0.000
  max_degree_centrality      0.000
  mean_pagerank              0.000
  max_pagerank               0.000
  mean_betweenness_centrality 0.000
  max_betweenness_centrality 0.000
  creation_span_days         0.000
  creation_std_days          0.000
  order_amount_cv            0.000

Saved cluster_predictions.csv for Day 4 threshold/cost analysis.


--- stderr ---

