$ python3 community_detection.py

--- stdout ---
Graph: 554 nodes, 3692 edges, 62 connected components
Louvain communities: 65
Flagged clusters (size>=2): 65, covering 554 accounts

============================================================
DAY 2 SUMMARY — raw graph-structure detection (pre-classifier)
============================================================
Ring accounts total:              424
Coincidental accounts total:       154
True positives (ring, flagged):    423
False positives (coincidental):    125
False positives (other/unexpected):6
False negatives (ring, missed):    1
Precision:                         0.764
Recall:                            0.998

Interpretation: this is 'flag everyone in any non-trivial cluster' —
no scoring or ranking yet. Precision is capped by the fact that pure
graph structure can't yet tell a family sharing an address apart from
a ring sharing a device. That's exactly what Day 3's classifier is for.

Rings split across >1 Louvain cluster: 0 of 20

Saved clusters.csv (account_id, cluster_id, cluster_size) for Day 3.


--- stderr ---

