$ python3 classifier.py

--- stdout ---
Clusters: 55  |  positive (ring): 20  |  negative: 35

======================================================================
DAY 3 SUMMARY — out-of-fold metrics (5-fold stratified CV, threshold=0.5)
======================================================================
Day 2 baseline (flag everyone, no scoring): precision=0.738  recall=0.998
Logistic Regression   precision=1.000  recall=0.950  f1=0.974  PR-AUC=1.000
XGBoost (max_depth=3)  precision=1.000  recall=0.900  f1=0.947  PR-AUC=0.979

----------------------------------------------------------------------
ABLATION — structural + temporal features only (no order-amount features)
----------------------------------------------------------------------
LogReg (structural)   precision=1.000  recall=0.950  f1=0.974  PR-AUC=0.983
XGBoost (structural)  precision=1.000  recall=0.900  f1=0.947  PR-AUC=0.977

Pure graph-topology features used: ['cluster_size', 'entity_reuse_ratio', 'internal_density', 'mean_degree_centrality', 'max_degree_centrality', 'mean_pagerank', 'max_pagerank', 'mean_betweenness_centrality', 'max_betweenness_centrality']

----------------------------------------------------------------------
ABLATION 2 — pure graph-topology features only (no timing, no order amount)
----------------------------------------------------------------------
LogReg (pure graph)   precision=1.000  recall=0.950  f1=0.974  PR-AUC=0.970
XGBoost (pure graph)  precision=1.000  recall=0.900  f1=0.947  PR-AUC=0.975

======================================================================
CALIBRATION CHECK — are the risk scores trustworthy as probabilities?
======================================================================

Logistic Regression (full) -- Brier score: 0.0133  (0=perfect, 0.25=uninformative, 1=worst)
  predicted [0.0-0.2): n= 35  avg predicted=0.024  actual positive rate=0.000
  predicted [0.2-0.4): n=  1  avg predicted=0.231  actual positive rate=1.000
  predicted [0.6-0.8): n=  1  avg predicted=0.772  actual positive rate=1.000
  predicted [0.8-1.0): n= 18  avg predicted=0.970  actual positive rate=1.000

XGBoost (full) -- Brier score: 0.0304  (0=perfect, 0.25=uninformative, 1=worst)
  predicted [0.0-0.2): n= 34  avg predicted=0.044  actual positive rate=0.029
  predicted [0.2-0.4): n=  2  avg predicted=0.332  actual positive rate=0.000
  predicted [0.4-0.6): n=  1  avg predicted=0.410  actual positive rate=1.000
  predicted [0.8-1.0): n= 18  avg predicted=0.929  actual positive rate=1.000

Logistic Regression (pure graph) -- Brier score: 0.0212  (0=perfect, 0.25=uninformative, 1=worst)
  predicted [0.0-0.2): n= 36  avg predicted=0.047  actual positive rate=0.028
  predicted [0.6-0.8): n=  1  avg predicted=0.724  actual positive rate=1.000
  predicted [0.8-1.0): n= 18  avg predicted=0.972  actual positive rate=1.000

XGBoost (pure graph) -- Brier score: 0.0317  (0=perfect, 0.25=uninformative, 1=worst)
  predicted [0.0-0.2): n= 35  avg predicted=0.052  actual positive rate=0.029
  predicted [0.2-0.4): n=  2  avg predicted=0.243  actual positive rate=0.500
  predicted [0.8-1.0): n= 18  avg predicted=0.934  actual positive rate=1.000

Feature signal (standardized logistic regression coefficients):
  avg_order_amount           -1.230
  max_pagerank               +0.874
  internal_density           -0.867
  entity_reuse_ratio         +0.611
  creation_std_days          -0.540
  cluster_size               +0.321
  max_degree_centrality      +0.303
  mean_degree_centrality     +0.260
  creation_span_days         -0.230
  mean_betweenness_centrality +0.121
  order_amount_cv            +0.113
  max_betweenness_centrality +0.049
  mean_pagerank              -0.006

Feature signal (XGBoost importances):
  cluster_size               0.674
  entity_reuse_ratio         0.162
  avg_order_amount           0.091
  creation_std_days          0.035
  order_amount_cv            0.015
  creation_span_days         0.014
  mean_degree_centrality     0.010
  internal_density           0.000
  max_degree_centrality      0.000
  mean_pagerank              0.000
  max_pagerank               0.000
  mean_betweenness_centrality 0.000
  max_betweenness_centrality 0.000

Saved cluster_predictions.csv for Day 4 threshold/cost analysis.


--- stderr ---

